error: Unknown argument `magic`, expected one of: `aliases`, `blocking`, `name`, `param_kind`
 --> $DIR/method_unexpected_field.rs:6:25
  |
6 |     #[method(name = "foo", magic = false)]
  |                            ^^^^^
