error: Subscription methods must not be `async`
 --> $DIR/sub_async.rs:6:2
  |
6 | /     #[subscription(name = "sub", item = u8)]
7 | |     async fn sub(&self);
  | |________________________^
